Archive member included to satisfy reference by file (symbol)

C:/devkitPro/libgba/lib\libgba.a(pcx.o)
                              pcx_view.o (DecodePCX)
C:/devkitPro/libgba/lib\libgba.a(interrupt.o)
                              pcx_view.o (irqInit)
C:/devkitPro/libgba/lib\libgba.a(fade.o)
                              pcx_view.o (FadeToPalette)
C:/devkitPro/libgba/lib\libgba.a(input.o)
                              pcx_view.o (scanKeys)
C:/devkitPro/libgba/lib\libgba.a(InterruptDispatcher.o)
                              C:/devkitPro/libgba/lib\libgba.a(interrupt.o) (IntrMain)
c:/devkitpro/devkitarm/bin/../lib/gcc/arm-none-eabi/8.2.0/thumb\libgcc.a(_divsi3.o)
                              C:/devkitPro/libgba/lib\libgba.a(fade.o) (__aeabi_idiv)
c:/devkitpro/devkitarm/bin/../lib/gcc/arm-none-eabi/8.2.0/thumb\libgcc.a(_dvmd_tls.o)
                              c:/devkitpro/devkitarm/bin/../lib/gcc/arm-none-eabi/8.2.0/thumb\libgcc.a(_divsi3.o) (__aeabi_idiv0)
c:/devkitpro/devkitarm/bin/../lib/gcc/arm-none-eabi/8.2.0/../../../../arm-none-eabi/lib/thumb\libg.a(lib_a-init.o)
                              c:/devkitpro/devkitarm/bin/../lib/gcc/arm-none-eabi/8.2.0/../../../../arm-none-eabi/lib/thumb/gba_crt0.o (__libc_init_array)
c:/devkitpro/devkitarm/bin/../lib/gcc/arm-none-eabi/8.2.0/../../../../arm-none-eabi/lib/thumb\libg.a(lib_a-memset.o)
                              C:/devkitPro/libgba/lib\libgba.a(pcx.o) (memset)
c:/devkitpro/devkitarm/bin/../lib/gcc/arm-none-eabi/8.2.0/../../../../arm-none-eabi/lib/thumb\libsysbase.a(malloc_vars.o)
                              c:/devkitpro/devkitarm/bin/../lib/gcc/arm-none-eabi/8.2.0/../../../../arm-none-eabi/lib/thumb/gba_crt0.o (fake_heap_end)

Allocating common symbols
Common symbol       size              file

IntrTable           0x78              C:/devkitPro/libgba/lib\libgba.a(interrupt.o)
Buf                 0xf0              C:/devkitPro/libgba/lib\libgba.a(pcx.o)
frame               0x4               pcx_view.o
PaletteBuffer       0x200             pcx_view.o

Discarded input sections

 .text          0x0000000000000000        0x0 c:/devkitpro/devkitarm/bin/../lib/gcc/arm-none-eabi/8.2.0/../../../../arm-none-eabi/lib/thumb/gba_crt0.o
 .data          0x0000000000000000        0x0 c:/devkitpro/devkitarm/bin/../lib/gcc/arm-none-eabi/8.2.0/../../../../arm-none-eabi/lib/thumb/gba_crt0.o
 .bss           0x0000000000000000        0x0 c:/devkitpro/devkitarm/bin/../lib/gcc/arm-none-eabi/8.2.0/../../../../arm-none-eabi/lib/thumb/gba_crt0.o
 .text          0x0000000000000000        0x0 c:/devkitpro/devkitarm/bin/../lib/gcc/arm-none-eabi/8.2.0/thumb/crti.o
 .data          0x0000000000000000        0x0 c:/devkitpro/devkitarm/bin/../lib/gcc/arm-none-eabi/8.2.0/thumb/crti.o
 .bss           0x0000000000000000        0x0 c:/devkitpro/devkitarm/bin/../lib/gcc/arm-none-eabi/8.2.0/thumb/crti.o
 .text          0x0000000000000000        0x0 c:/devkitpro/devkitarm/bin/../lib/gcc/arm-none-eabi/8.2.0/thumb/crtbegin.o
 .data          0x0000000000000000        0x0 c:/devkitpro/devkitarm/bin/../lib/gcc/arm-none-eabi/8.2.0/thumb/crtbegin.o
 .bss           0x0000000000000000        0x0 c:/devkitpro/devkitarm/bin/../lib/gcc/arm-none-eabi/8.2.0/thumb/crtbegin.o
 .data.__dso_handle
                0x0000000000000000        0x4 c:/devkitpro/devkitarm/bin/../lib/gcc/arm-none-eabi/8.2.0/thumb/crtbegin.o
 .text          0x0000000000000000        0x0 splash.pcx.o
 .data          0x0000000000000000        0x0 splash.pcx.o
 .bss           0x0000000000000000        0x0 splash.pcx.o
 .data          0x0000000000000000        0x0 pcx_view.o
 .bss           0x0000000000000000        0x0 pcx_view.o
 .data          0x0000000000000000        0x0 C:/devkitPro/libgba/lib\libgba.a(pcx.o)
 .bss           0x0000000000000000        0x0 C:/devkitPro/libgba/lib\libgba.a(pcx.o)
 .data          0x0000000000000000        0x0 C:/devkitPro/libgba/lib\libgba.a(interrupt.o)
 .bss           0x0000000000000000        0x0 C:/devkitPro/libgba/lib\libgba.a(interrupt.o)
 .data          0x0000000000000000        0x0 C:/devkitPro/libgba/lib\libgba.a(fade.o)
 .bss           0x0000000000000000        0x0 C:/devkitPro/libgba/lib\libgba.a(fade.o)
 .text          0x0000000000000000        0x0 C:/devkitPro/libgba/lib\libgba.a(InterruptDispatcher.o)
 .data          0x0000000000000000        0x0 C:/devkitPro/libgba/lib\libgba.a(InterruptDispatcher.o)
 .bss           0x0000000000000000        0x0 C:/devkitPro/libgba/lib\libgba.a(InterruptDispatcher.o)
 .data          0x0000000000000000        0x0 c:/devkitpro/devkitarm/bin/../lib/gcc/arm-none-eabi/8.2.0/thumb\libgcc.a(_divsi3.o)
 .bss           0x0000000000000000        0x0 c:/devkitpro/devkitarm/bin/../lib/gcc/arm-none-eabi/8.2.0/thumb\libgcc.a(_divsi3.o)
 .data          0x0000000000000000        0x0 c:/devkitpro/devkitarm/bin/../lib/gcc/arm-none-eabi/8.2.0/thumb\libgcc.a(_dvmd_tls.o)
 .bss           0x0000000000000000        0x0 c:/devkitpro/devkitarm/bin/../lib/gcc/arm-none-eabi/8.2.0/thumb\libgcc.a(_dvmd_tls.o)
 .text          0x0000000000000000        0x0 c:/devkitpro/devkitarm/bin/../lib/gcc/arm-none-eabi/8.2.0/../../../../arm-none-eabi/lib/thumb\libg.a(lib_a-init.o)
 .data          0x0000000000000000        0x0 c:/devkitpro/devkitarm/bin/../lib/gcc/arm-none-eabi/8.2.0/../../../../arm-none-eabi/lib/thumb\libg.a(lib_a-init.o)
 .bss           0x0000000000000000        0x0 c:/devkitpro/devkitarm/bin/../lib/gcc/arm-none-eabi/8.2.0/../../../../arm-none-eabi/lib/thumb\libg.a(lib_a-init.o)
 .text          0x0000000000000000        0x0 c:/devkitpro/devkitarm/bin/../lib/gcc/arm-none-eabi/8.2.0/../../../../arm-none-eabi/lib/thumb\libg.a(lib_a-memset.o)
 .data          0x0000000000000000        0x0 c:/devkitpro/devkitarm/bin/../lib/gcc/arm-none-eabi/8.2.0/../../../../arm-none-eabi/lib/thumb\libg.a(lib_a-memset.o)
 .bss           0x0000000000000000        0x0 c:/devkitpro/devkitarm/bin/../lib/gcc/arm-none-eabi/8.2.0/../../../../arm-none-eabi/lib/thumb\libg.a(lib_a-memset.o)
 .text          0x0000000000000000        0x0 c:/devkitpro/devkitarm/bin/../lib/gcc/arm-none-eabi/8.2.0/../../../../arm-none-eabi/lib/thumb\libsysbase.a(malloc_vars.o)
 .data          0x0000000000000000        0x0 c:/devkitpro/devkitarm/bin/../lib/gcc/arm-none-eabi/8.2.0/../../../../arm-none-eabi/lib/thumb\libsysbase.a(malloc_vars.o)
 .bss           0x0000000000000000        0x0 c:/devkitpro/devkitarm/bin/../lib/gcc/arm-none-eabi/8.2.0/../../../../arm-none-eabi/lib/thumb\libsysbase.a(malloc_vars.o)
 .bss.fake_heap_start
                0x0000000000000000        0x4 c:/devkitpro/devkitarm/bin/../lib/gcc/arm-none-eabi/8.2.0/../../../../arm-none-eabi/lib/thumb\libsysbase.a(malloc_vars.o)
 .text          0x0000000000000000        0x0 c:/devkitpro/devkitarm/bin/../lib/gcc/arm-none-eabi/8.2.0/thumb/crtend.o
 .data          0x0000000000000000        0x0 c:/devkitpro/devkitarm/bin/../lib/gcc/arm-none-eabi/8.2.0/thumb/crtend.o
 .bss           0x0000000000000000        0x0 c:/devkitpro/devkitarm/bin/../lib/gcc/arm-none-eabi/8.2.0/thumb/crtend.o
 .text          0x0000000000000000        0x0 c:/devkitpro/devkitarm/bin/../lib/gcc/arm-none-eabi/8.2.0/thumb/crtn.o
 .data          0x0000000000000000        0x0 c:/devkitpro/devkitarm/bin/../lib/gcc/arm-none-eabi/8.2.0/thumb/crtn.o
 .bss           0x0000000000000000        0x0 c:/devkitpro/devkitarm/bin/../lib/gcc/arm-none-eabi/8.2.0/thumb/crtn.o

Memory Configuration

Name             Origin             Length             Attributes
rom              0x0000000008000000 0x0000000002000000
iwram            0x0000000003000000 0x0000000000008000
ewram            0x0000000002000000 0x0000000000040000
*default*        0x0000000000000000 0xffffffffffffffff

Linker script and memory map

                0x0000000008000000                __text_start = ORIGIN (rom)
                0x0000000002040000                __eheap_end = (ORIGIN (ewram) + LENGTH (ewram))
                0x0000000003000000                __iwram_start = ORIGIN (iwram)
                0x0000000003008000                __iwram_top = (ORIGIN (iwram) + LENGTH (iwram))
                0x0000000003007fa0                __sp_irq = (__iwram_top - 0x60)
                0x0000000003007f00                __sp_usr = (__sp_irq - 0xa0)
                0x0000000003007ff8                __irq_flags = 0x3007ff8
                0x0000000008000000                . = __text_start

.crt0           0x0000000008000000      0x210
 *(.crt0)
 .crt0          0x0000000008000000      0x210 c:/devkitpro/devkitarm/bin/../lib/gcc/arm-none-eabi/8.2.0/../../../../arm-none-eabi/lib/thumb/gba_crt0.o
                0x0000000008000000                _start
                0x00000000080000c4                __boot_method
                0x00000000080000c5                __slave_number
                0x00000000080000e0                start_vector
                0x0000000008000210                . = ALIGN (0x4)

.init           0x0000000008000210        0xc
 *(SORT_NONE(.init))
 .init          0x0000000008000210        0x4 c:/devkitpro/devkitarm/bin/../lib/gcc/arm-none-eabi/8.2.0/thumb/crti.o
                0x0000000008000210                _init
 .init          0x0000000008000214        0x8 c:/devkitpro/devkitarm/bin/../lib/gcc/arm-none-eabi/8.2.0/thumb/crtn.o

.plt            0x000000000800021c        0x0
 *(.plt)
                0x000000000800021c                . = ALIGN (0x4)

.text           0x0000000008000220      0xc08
 *(EXCLUDE_FILE(*.iwram*) .text)
 .text          0x0000000008000220       0x18 pcx_view.o
                0x0000000008000220                VblankInterrupt
 .text          0x0000000008000238      0x1bc C:/devkitPro/libgba/lib\libgba.a(pcx.o)
                0x0000000008000238                DecodePCX
 .text          0x00000000080003f4      0x3b8 C:/devkitPro/libgba/lib\libgba.a(interrupt.o)
                0x00000000080003f4                dummy
                0x00000000080003f8                InitInterrupt
                0x0000000008000454                irqInit
                0x00000000080004b0                SetInterrupt
                0x0000000008000594                irqSet
                0x0000000008000678                EnableInterrupt
                0x00000000080006c4                irqEnable
                0x0000000008000714                DisableInterrupt
                0x0000000008000760                irqDisable
 .text          0x00000000080007ac      0x24c C:/devkitPro/libgba/lib\libgba.a(fade.o)
                0x000000000800085c                SetPalette
                0x0000000008000884                FadeToGrayScale
                0x000000000800093c                FadeToPalette
 .text          0x00000000080009f8       0xbc C:/devkitPro/libgba/lib\libgba.a(input.o)
                0x00000000080009f8                setRepeat
                0x0000000008000a04                scanKeys
                0x0000000008000a78                keysDownRepeat
                0x0000000008000a88                keysDown
                0x0000000008000a98                keysUp
                0x0000000008000aa8                keysHeld
 .text          0x0000000008000ab4      0x150 c:/devkitpro/devkitarm/bin/../lib/gcc/arm-none-eabi/8.2.0/thumb\libgcc.a(_divsi3.o)
                0x0000000008000ab4                __divsi3
                0x0000000008000ab4                __aeabi_idiv
                0x0000000008000be4                __aeabi_idivmod
 .text          0x0000000008000c04        0x4 c:/devkitpro/devkitarm/bin/../lib/gcc/arm-none-eabi/8.2.0/thumb\libgcc.a(_dvmd_tls.o)
                0x0000000008000c04                __aeabi_idiv0
                0x0000000008000c04                __aeabi_ldiv0
 *(.text .stub .text.* .gnu.linkonce.t.*)
 .text.deregister_tm_clones
                0x0000000008000c08       0x2c c:/devkitpro/devkitarm/bin/../lib/gcc/arm-none-eabi/8.2.0/thumb/crtbegin.o
 .text.register_tm_clones
                0x0000000008000c34       0x34 c:/devkitpro/devkitarm/bin/../lib/gcc/arm-none-eabi/8.2.0/thumb/crtbegin.o
 .text.__do_global_dtors_aux
                0x0000000008000c68       0x30 c:/devkitpro/devkitarm/bin/../lib/gcc/arm-none-eabi/8.2.0/thumb/crtbegin.o
 .text.frame_dummy
                0x0000000008000c98       0x28 c:/devkitpro/devkitarm/bin/../lib/gcc/arm-none-eabi/8.2.0/thumb/crtbegin.o
 .text.startup  0x0000000008000cc0       0x50 pcx_view.o
                0x0000000008000cc0                main
 .text.__libc_init_array
                0x0000000008000d10       0x50 c:/devkitpro/devkitarm/bin/../lib/gcc/arm-none-eabi/8.2.0/../../../../arm-none-eabi/lib/thumb\libg.a(lib_a-init.o)
                0x0000000008000d10                __libc_init_array
 .text.memset   0x0000000008000d60       0xb0 c:/devkitpro/devkitarm/bin/../lib/gcc/arm-none-eabi/8.2.0/../../../../arm-none-eabi/lib/thumb\libg.a(lib_a-memset.o)
                0x0000000008000d60                memset
 .text.memset.__stub
                0x0000000008000e10       0x14 linker stubs
 *(.text.*personality*)
 *(.gnu.warning)
 *(.glue_7t)
 .glue_7t       0x0000000008000e28        0x0 linker stubs
 *(.glue_7)
 .glue_7        0x0000000008000e28        0x0 linker stubs
 *(.vfp11_veneer)
 .vfp11_veneer  0x0000000008000e28        0x0 linker stubs
                0x0000000008000e28                . = ALIGN (0x4)
                0x0000000008000e28                __text_end = .

.v4_bx          0x0000000008000e28        0x0
 .v4_bx         0x0000000008000e28        0x0 linker stubs

.iplt           0x0000000008000e28        0x0
 .iplt          0x0000000008000e28        0x0 c:/devkitpro/devkitarm/bin/../lib/gcc/arm-none-eabi/8.2.0/../../../../arm-none-eabi/lib/thumb/gba_crt0.o

.fini           0x0000000008000e28        0xc
 *(.fini)
 .fini          0x0000000008000e28        0x4 c:/devkitpro/devkitarm/bin/../lib/gcc/arm-none-eabi/8.2.0/thumb/crti.o
                0x0000000008000e28                _fini
 .fini          0x0000000008000e2c        0x8 c:/devkitpro/devkitarm/bin/../lib/gcc/arm-none-eabi/8.2.0/thumb/crtn.o
                0x0000000008000e34                . = ALIGN (0x4)

.rodata         0x0000000008000e34     0x65fc
 *(.rodata)
 .rodata        0x0000000008000e34     0x65fc splash.pcx.o
                0x0000000008000e34                splash_pcx
                0x0000000008007429                splash_pcx_end
                0x000000000800742c                splash_pcx_size
 *all.rodata*(*)
 *(.roda)
 *(.rodata.*)
 *(.gnu.linkonce.r*)
                0x0000000008007430                . = ALIGN (0x4)

.ARM.extab
 *(.ARM.extab* .gnu.linkonce.armextab.*)
                0x0000000008007430                __exidx_start = .

.ARM.exidx
 *(.ARM.exidx* .gnu.linkonce.armexidx.*)
                0x0000000008007430                __exidx_end = .

.ctors          0x0000000008007430        0x0
 *crtbegin.o(.ctors)
 *(EXCLUDE_FILE(*crtend.o) .ctors)
 *(SORT_BY_NAME(.ctors.*))
 *(.ctors)
                0x0000000008007430                . = ALIGN (0x4)

.dtors          0x0000000008007430        0x0
 *crtbegin.o(.dtors)
 *(EXCLUDE_FILE(*crtend.o) .dtors)
 *(SORT_BY_NAME(.dtors.*))
 *(.dtors)
                0x0000000008007430                . = ALIGN (0x4)

.eh_frame       0x0000000008007430        0x4
 *(.eh_frame)
 .eh_frame      0x0000000008007430        0x0 c:/devkitpro/devkitarm/bin/../lib/gcc/arm-none-eabi/8.2.0/thumb/crtbegin.o
 .eh_frame      0x0000000008007430        0x4 c:/devkitpro/devkitarm/bin/../lib/gcc/arm-none-eabi/8.2.0/thumb/crtend.o
                0x0000000008007434                . = ALIGN (0x4)

.gcc_except_table
                0x0000000008007434        0x0
 *(.gcc_except_table)
                0x0000000008007434                . = ALIGN (0x4)
                0x0000000008007434                __iwram_lma = .

.iwram          0x0000000003000000       0xb8 load address 0x0000000008007434
                0x0000000003000000                __iwram_start__ = ABSOLUTE (.)
 *(.iwram)
 .iwram         0x0000000003000000       0xb8 C:/devkitPro/libgba/lib\libgba.a(InterruptDispatcher.o)
                0x0000000003000000                IntrMain
 *iwram.*(.text)
                0x00000000030000b8                . = ALIGN (0x4)
                0x00000000030000b8                __iwram_end__ = ABSOLUTE (.)
                0x00000000080074ec                __data_lma = (__iwram_lma + SIZEOF (.iwram))

.rel.dyn        0x00000000030000b8        0x0 load address 0x00000000080074ec
 .rel.iplt      0x00000000030000b8        0x0 c:/devkitpro/devkitarm/bin/../lib/gcc/arm-none-eabi/8.2.0/../../../../arm-none-eabi/lib/thumb/gba_crt0.o

.bss            0x00000000030000b8      0x398
                0x00000000030000b8                __bss_start = ABSOLUTE (.)
                0x00000000030000b8                __bss_start__ = ABSOLUTE (.)
 *(.dynbss)
 *(.gnu.linkonce.b*)
 *(.bss*)
 .bss.completed.9042
                0x00000000030000b8        0x1 c:/devkitpro/devkitarm/bin/../lib/gcc/arm-none-eabi/8.2.0/thumb/crtbegin.o
 *fill*         0x00000000030000b9        0x3 
 .bss.object.9047
                0x00000000030000bc       0x18 c:/devkitpro/devkitarm/bin/../lib/gcc/arm-none-eabi/8.2.0/thumb/crtbegin.o
 .bss           0x00000000030000d4        0xa C:/devkitPro/libgba/lib\libgba.a(input.o)
 *fill*         0x00000000030000de        0x2 
 .bss.fake_heap_end
                0x00000000030000e0        0x4 c:/devkitpro/devkitarm/bin/../lib/gcc/arm-none-eabi/8.2.0/../../../../arm-none-eabi/lib/thumb\libsysbase.a(malloc_vars.o)
                0x00000000030000e0                fake_heap_end
 *(COMMON)
 COMMON         0x00000000030000e4      0x204 pcx_view.o
                0x00000000030000e4                frame
                0x00000000030000e8                PaletteBuffer
 COMMON         0x00000000030002e8       0xf0 C:/devkitPro/libgba/lib\libgba.a(pcx.o)
                0x00000000030002e8                Buf
 COMMON         0x00000000030003d8       0x78 C:/devkitPro/libgba/lib\libgba.a(interrupt.o)
                0x00000000030003d8                IntrTable
                0x0000000003000450                . = ALIGN (0x4)
                0x0000000003000450                __bss_end__ = ABSOLUTE (.)

.data           0x0000000003000450        0x4 load address 0x00000000080074ec
                0x0000000003000450                __data_start__ = ABSOLUTE (.)
 *(.data)
 .data          0x0000000003000450        0x3 C:/devkitPro/libgba/lib\libgba.a(input.o)
 *(.data.*)
 *(.gnu.linkonce.d*)
                0x0000000003000454                . = ALIGN (0x4)
 *fill*         0x0000000003000453        0x1 ff
                0x00000000080074f0                __preinit_lma = (__data_lma + SIZEOF (.data))

.igot.plt       0x0000000003000454        0x0 load address 0x00000000080074f0
 .igot.plt      0x0000000003000454        0x0 c:/devkitpro/devkitarm/bin/../lib/gcc/arm-none-eabi/8.2.0/../../../../arm-none-eabi/lib/thumb/gba_crt0.o

.tm_clone_table
                0x0000000003000454        0x0 load address 0x00000000080074f0
 .tm_clone_table
                0x0000000003000454        0x0 c:/devkitpro/devkitarm/bin/../lib/gcc/arm-none-eabi/8.2.0/thumb/crtbegin.o
 .tm_clone_table
                0x0000000003000454        0x0 c:/devkitpro/devkitarm/bin/../lib/gcc/arm-none-eabi/8.2.0/thumb/crtend.o

.preinit_array  0x0000000003000454        0x0 load address 0x00000000080074f0
                0x0000000003000454                __preinit_array_start = ABSOLUTE (.)
 *(.preinit_array)
                0x0000000003000454                __preinit_array_end = ABSOLUTE (.)
                0x00000000080074f0                __init_lma = (__preinit_lma + SIZEOF (.preinit_array))

.init_array     0x0000000003000454        0x4 load address 0x00000000080074f0
                0x0000000003000454                __init_array_start = ABSOLUTE (.)
 *(SORT_BY_NAME(.init_array.*))
 *(.init_array)
 .init_array    0x0000000003000454        0x4 c:/devkitpro/devkitarm/bin/../lib/gcc/arm-none-eabi/8.2.0/thumb/crtbegin.o
                0x0000000003000458                __init_array_end = ABSOLUTE (.)
                0x00000000080074f4                __fini_lma = (__init_lma + SIZEOF (.init_array))

.fini_array     0x0000000003000458        0x4 load address 0x00000000080074f4
                0x0000000003000458                __fini_array_start = ABSOLUTE (.)
 *(SORT_BY_NAME(.fini_array.*))
 *(.fini_array)
 .fini_array    0x0000000003000458        0x4 c:/devkitpro/devkitarm/bin/../lib/gcc/arm-none-eabi/8.2.0/thumb/crtbegin.o
                0x000000000300045c                __fini_array_end = ABSOLUTE (.)
                0x00000000080074f8                __jcr_lma = (__fini_lma + SIZEOF (.fini_array))

.jcr            0x000000000300045c        0x0 load address 0x00000000080074f8
 *(.jcr)
                0x000000000300045c                __data_end__ = ABSOLUTE (.)
                0x00000000080074f8                __iwram_overlay_lma = (__jcr_lma + SIZEOF (.jcr))
                0x000000000300045c                __iwram_overlay_start = .

.iwram0         0x000000000300045c        0x0 load address 0x00000000080074f8
 *(.iwram0)
                0x000000000300045c                . = ALIGN (0x4)
                0x00000000080074f8                PROVIDE (__load_start_iwram0 = LOADADDR (.iwram0))
                0x00000000080074f8                PROVIDE (__load_stop_iwram0 = (LOADADDR (.iwram0) + SIZEOF (.iwram0)))

.iwram1         0x000000000300045c        0x0
 *(.iwram1)
                0x000000000300045c                . = ALIGN (0x4)
                [!provide]                        PROVIDE (__load_start_iwram1 = LOADADDR (.iwram1))
                [!provide]                        PROVIDE (__load_stop_iwram1 = (LOADADDR (.iwram1) + SIZEOF (.iwram1)))

.iwram2         0x000000000300045c        0x0
 *(.iwram2)
                0x000000000300045c                . = ALIGN (0x4)
                [!provide]                        PROVIDE (__load_start_iwram2 = LOADADDR (.iwram2))
                [!provide]                        PROVIDE (__load_stop_iwram2 = (LOADADDR (.iwram2) + SIZEOF (.iwram2)))

.iwram3         0x000000000300045c        0x0
 *(.iwram3)
                0x000000000300045c                . = ALIGN (0x4)
                [!provide]                        PROVIDE (__load_start_iwram3 = LOADADDR (.iwram3))
                [!provide]                        PROVIDE (__load_stop_iwram3 = (LOADADDR (.iwram3) + SIZEOF (.iwram3)))

.iwram4         0x000000000300045c        0x0
 *(.iwram4)
                0x000000000300045c                . = ALIGN (0x4)
                [!provide]                        PROVIDE (__load_start_iwram4 = LOADADDR (.iwram4))
                [!provide]                        PROVIDE (__load_stop_iwram4 = (LOADADDR (.iwram4) + SIZEOF (.iwram4)))

.iwram5         0x000000000300045c        0x0
 *(.iwram5)
                0x000000000300045c                . = ALIGN (0x4)
                [!provide]                        PROVIDE (__load_start_iwram5 = LOADADDR (.iwram5))
                [!provide]                        PROVIDE (__load_stop_iwram5 = (LOADADDR (.iwram5) + SIZEOF (.iwram5)))

.iwram6         0x000000000300045c        0x0
 *(.iwram6)
                0x000000000300045c                . = ALIGN (0x4)
                [!provide]                        PROVIDE (__load_start_iwram6 = LOADADDR (.iwram6))
                [!provide]                        PROVIDE (__load_stop_iwram6 = (LOADADDR (.iwram6) + SIZEOF (.iwram6)))

.iwram7         0x000000000300045c        0x0
 *(.iwram7)
                0x000000000300045c                . = ALIGN (0x4)
                [!provide]                        PROVIDE (__load_start_iwram7 = LOADADDR (.iwram7))
                [!provide]                        PROVIDE (__load_stop_iwram7 = (LOADADDR (.iwram7) + SIZEOF (.iwram7)))

.iwram8         0x000000000300045c        0x0
 *(.iwram8)
                0x000000000300045c                . = ALIGN (0x4)
                [!provide]                        PROVIDE (__load_start_iwram8 = LOADADDR (.iwram8))
                [!provide]                        PROVIDE (__load_stop_iwram8 = (LOADADDR (.iwram8) + SIZEOF (.iwram8)))

.iwram9         0x000000000300045c        0x0
 *(.iwram9)
                0x000000000300045c                . = ALIGN (0x4)
                [!provide]                        PROVIDE (__load_start_iwram9 = LOADADDR (.iwram9))
                [!provide]                        PROVIDE (__load_stop_iwram9 = (LOADADDR (.iwram9) + SIZEOF (.iwram9)))
                0x000000000300045c                __iwram_overlay_end = .
                0x00000000080074f8                __ewram_lma = (__iwram_overlay_lma + (__iwram_overlay_end - __iwram_overlay_start))
                0x000000000300045c                __iheap_start = .
                0x0000000002000000                __ewram_start = ORIGIN (ewram)

.ewram          0x0000000002000000        0x0 load address 0x00000000080074f8
 *(.ewram)
                0x0000000002000000                . = ALIGN (0x4)
                0x0000000002000000                __ewram_end = ABSOLUTE (.)
                0x00000000080074f8                __pad_lma = (__ewram_lma + SIZEOF (.ewram))

.sbss           0x0000000002000000     0x1c00
                0x0000000002000000                __sbss_start__ = ABSOLUTE (.)
 *(.sbss)
 .sbss          0x0000000002000000     0x1c00 C:/devkitPro/libgba/lib\libgba.a(fade.o)
                0x0000000002000000                FadeTable
                0x0000000002001800                CurrentPalette
                0x0000000002001c00                . = ALIGN (0x4)
                0x0000000002001c00                __sbss_end__ = ABSOLUTE (.)
                0x0000000002001c00                __end__ = ABSOLUTE (.)
                0x0000000002001c00                __eheap_start = ABSOLUTE (.)

.pad            0x0000000002001c00        0x8 load address 0x00000000080074f8
                0x0000000002001c00        0x4 LONG 0x52416b64
                0x0000000002001c04        0x4 LONG 0x4d
                0x0000000002001c08                . = ALIGN (0x4)
                0x0000000008007500                __rom_end__ = (__pad_lma + SIZEOF (.pad))

.stab
 *(.stab)

.stabstr
 *(.stabstr)

.stab.excl
 *(.stab.excl)

.stab.exclstr
 *(.stab.exclstr)

.stab.index
 *(.stab.index)

.stab.indexstr
 *(.stab.indexstr)

.comment        0x0000000000000000       0x22
 *(.comment)
 .comment       0x0000000000000000       0x22 c:/devkitpro/devkitarm/bin/../lib/gcc/arm-none-eabi/8.2.0/thumb/crtbegin.o
                                         0x23 (size before relaxing)
 .comment       0x0000000000000022       0x23 pcx_view.o
 .comment       0x0000000000000022       0x23 C:/devkitPro/libgba/lib\libgba.a(pcx.o)
 .comment       0x0000000000000022       0x23 C:/devkitPro/libgba/lib\libgba.a(interrupt.o)
 .comment       0x0000000000000022       0x23 C:/devkitPro/libgba/lib\libgba.a(fade.o)
 .comment       0x0000000000000022       0x23 C:/devkitPro/libgba/lib\libgba.a(input.o)
 .comment       0x0000000000000022       0x23 c:/devkitpro/devkitarm/bin/../lib/gcc/arm-none-eabi/8.2.0/../../../../arm-none-eabi/lib/thumb\libg.a(lib_a-init.o)
 .comment       0x0000000000000022       0x23 c:/devkitpro/devkitarm/bin/../lib/gcc/arm-none-eabi/8.2.0/../../../../arm-none-eabi/lib/thumb\libg.a(lib_a-memset.o)
 .comment       0x0000000000000022       0x23 c:/devkitpro/devkitarm/bin/../lib/gcc/arm-none-eabi/8.2.0/../../../../arm-none-eabi/lib/thumb\libsysbase.a(malloc_vars.o)
 .comment       0x0000000000000022       0x23 c:/devkitpro/devkitarm/bin/../lib/gcc/arm-none-eabi/8.2.0/thumb/crtend.o

.debug
 *(.debug)

.line
 *(.line)

.debug_srcinfo
 *(.debug_srcinfo)

.debug_sfnames
 *(.debug_sfnames)

.debug_aranges  0x0000000000000000       0xc8
 *(.debug_aranges)
 .debug_aranges
                0x0000000000000000       0x28 pcx_view.o
 .debug_aranges
                0x0000000000000028       0x20 C:/devkitPro/libgba/lib\libgba.a(pcx.o)
 .debug_aranges
                0x0000000000000048       0x20 C:/devkitPro/libgba/lib\libgba.a(interrupt.o)
 .debug_aranges
                0x0000000000000068       0x20 C:/devkitPro/libgba/lib\libgba.a(fade.o)
 .debug_aranges
                0x0000000000000088       0x20 C:/devkitPro/libgba/lib\libgba.a(input.o)
 .debug_aranges
                0x00000000000000a8       0x20 C:/devkitPro/libgba/lib\libgba.a(InterruptDispatcher.o)

.debug_pubnames
 *(.debug_pubnames)

.debug_info     0x0000000000000000     0x1cf5
 *(.debug_info)
 .debug_info    0x0000000000000000      0xd40 pcx_view.o
 .debug_info    0x0000000000000d40      0x3bd C:/devkitPro/libgba/lib\libgba.a(pcx.o)
 .debug_info    0x00000000000010fd      0x41b C:/devkitPro/libgba/lib\libgba.a(interrupt.o)
 .debug_info    0x0000000000001518      0x550 C:/devkitPro/libgba/lib\libgba.a(fade.o)
 .debug_info    0x0000000000001a68      0x267 C:/devkitPro/libgba/lib\libgba.a(input.o)
 .debug_info    0x0000000000001ccf       0x26 C:/devkitPro/libgba/lib\libgba.a(InterruptDispatcher.o)

.debug_abbrev   0x0000000000000000      0x930
 *(.debug_abbrev)
 .debug_abbrev  0x0000000000000000      0x2ed pcx_view.o
 .debug_abbrev  0x00000000000002ed      0x137 C:/devkitPro/libgba/lib\libgba.a(pcx.o)
 .debug_abbrev  0x0000000000000424      0x1ee C:/devkitPro/libgba/lib\libgba.a(interrupt.o)
 .debug_abbrev  0x0000000000000612      0x1e4 C:/devkitPro/libgba/lib\libgba.a(fade.o)
 .debug_abbrev  0x00000000000007f6      0x126 C:/devkitPro/libgba/lib\libgba.a(input.o)
 .debug_abbrev  0x000000000000091c       0x14 C:/devkitPro/libgba/lib\libgba.a(InterruptDispatcher.o)

.debug_line     0x0000000000000000     0x154f
 *(.debug_line)
 .debug_line    0x0000000000000000      0x30f pcx_view.o
 .debug_line    0x000000000000030f      0x34f C:/devkitPro/libgba/lib\libgba.a(pcx.o)
 .debug_line    0x000000000000065e      0x5ae C:/devkitPro/libgba/lib\libgba.a(interrupt.o)
 .debug_line    0x0000000000000c0c      0x5fa C:/devkitPro/libgba/lib\libgba.a(fade.o)
 .debug_line    0x0000000000001206      0x297 C:/devkitPro/libgba/lib\libgba.a(input.o)
 .debug_line    0x000000000000149d       0xb2 C:/devkitPro/libgba/lib\libgba.a(InterruptDispatcher.o)

.debug_frame    0x0000000000000000      0x258
 *(.debug_frame)
 .debug_frame   0x0000000000000000       0x40 pcx_view.o
 .debug_frame   0x0000000000000040       0x3c C:/devkitPro/libgba/lib\libgba.a(pcx.o)
 .debug_frame   0x000000000000007c       0xb0 C:/devkitPro/libgba/lib\libgba.a(interrupt.o)
 .debug_frame   0x000000000000012c       0xac C:/devkitPro/libgba/lib\libgba.a(fade.o)
 .debug_frame   0x00000000000001d8       0x80 C:/devkitPro/libgba/lib\libgba.a(input.o)

.debug_str      0x0000000000000000      0xc65
 *(.debug_str)
 .debug_str     0x0000000000000000      0x80b pcx_view.o
                                        0x88a (size before relaxing)
 .debug_str     0x000000000000080b      0x18f C:/devkitPro/libgba/lib\libgba.a(pcx.o)
                                        0x263 (size before relaxing)
 .debug_str     0x000000000000099a       0xf2 C:/devkitPro/libgba/lib\libgba.a(interrupt.o)
                                        0x310 (size before relaxing)
 .debug_str     0x0000000000000a8c       0xc2 C:/devkitPro/libgba/lib\libgba.a(fade.o)
                                        0x248 (size before relaxing)
 .debug_str     0x0000000000000b4e       0xb7 C:/devkitPro/libgba/lib\libgba.a(input.o)
                                        0x21b (size before relaxing)
 .debug_str     0x0000000000000c05       0x60 C:/devkitPro/libgba/lib\libgba.a(InterruptDispatcher.o)
                                         0xa0 (size before relaxing)

.debug_loc      0x0000000000000000     0x1221
 *(.debug_loc)
 .debug_loc     0x0000000000000000       0x18 pcx_view.o
 .debug_loc     0x0000000000000018      0x6a9 C:/devkitPro/libgba/lib\libgba.a(pcx.o)
 .debug_loc     0x00000000000006c1      0x446 C:/devkitPro/libgba/lib\libgba.a(interrupt.o)
 .debug_loc     0x0000000000000b07      0x6db C:/devkitPro/libgba/lib\libgba.a(fade.o)
 .debug_loc     0x00000000000011e2       0x3f C:/devkitPro/libgba/lib\libgba.a(input.o)

.debug_macinfo
 *(.debug_macinfo)

.debug_weaknames
 *(.debug_weaknames)

.debug_funcnames
 *(.debug_funcnames)

.debug_typenames
 *(.debug_typenames)

.debug_varnames
 *(.debug_varnames)

.stack          0x0000000000080000        0x0
                0x0000000000080000                _stack = .
 *(.stack)

.note.gnu.arm.ident
 *(.note.gnu.arm.ident)

.ARM.attributes
                0x0000000000000000       0x2c
 *(.ARM.attributes)
 .ARM.attributes
                0x0000000000000000       0x20 c:/devkitpro/devkitarm/bin/../lib/gcc/arm-none-eabi/8.2.0/../../../../arm-none-eabi/lib/thumb/gba_crt0.o
 .ARM.attributes
                0x0000000000000020       0x1c c:/devkitpro/devkitarm/bin/../lib/gcc/arm-none-eabi/8.2.0/thumb/crti.o
 .ARM.attributes
                0x000000000000003c       0x2a c:/devkitpro/devkitarm/bin/../lib/gcc/arm-none-eabi/8.2.0/thumb/crtbegin.o
 .ARM.attributes
                0x0000000000000066       0x14 splash.pcx.o
 .ARM.attributes
                0x000000000000007a       0x26 pcx_view.o
 .ARM.attributes
                0x00000000000000a0       0x2a C:/devkitPro/libgba/lib\libgba.a(pcx.o)
 .ARM.attributes
                0x00000000000000ca       0x2a C:/devkitPro/libgba/lib\libgba.a(interrupt.o)
 .ARM.attributes
                0x00000000000000f4       0x2a C:/devkitPro/libgba/lib\libgba.a(fade.o)
 .ARM.attributes
                0x000000000000011e       0x2a C:/devkitPro/libgba/lib\libgba.a(input.o)
 .ARM.attributes
                0x0000000000000148       0x1a C:/devkitPro/libgba/lib\libgba.a(InterruptDispatcher.o)
 .ARM.attributes
                0x0000000000000162       0x1c c:/devkitpro/devkitarm/bin/../lib/gcc/arm-none-eabi/8.2.0/thumb\libgcc.a(_divsi3.o)
 .ARM.attributes
                0x000000000000017e       0x1c c:/devkitpro/devkitarm/bin/../lib/gcc/arm-none-eabi/8.2.0/thumb\libgcc.a(_dvmd_tls.o)
 .ARM.attributes
                0x000000000000019a       0x2a c:/devkitpro/devkitarm/bin/../lib/gcc/arm-none-eabi/8.2.0/../../../../arm-none-eabi/lib/thumb\libg.a(lib_a-init.o)
 .ARM.attributes
                0x00000000000001c4       0x2a c:/devkitpro/devkitarm/bin/../lib/gcc/arm-none-eabi/8.2.0/../../../../arm-none-eabi/lib/thumb\libg.a(lib_a-memset.o)
 .ARM.attributes
                0x00000000000001ee       0x30 c:/devkitpro/devkitarm/bin/../lib/gcc/arm-none-eabi/8.2.0/../../../../arm-none-eabi/lib/thumb\libsysbase.a(malloc_vars.o)
 .ARM.attributes
                0x000000000000021e       0x30 c:/devkitpro/devkitarm/bin/../lib/gcc/arm-none-eabi/8.2.0/thumb/crtend.o
 .ARM.attributes
                0x000000000000024e       0x1c c:/devkitpro/devkitarm/bin/../lib/gcc/arm-none-eabi/8.2.0/thumb/crtn.o

/DISCARD/
 *(.note.GNU-stack)
LOAD c:/devkitpro/devkitarm/bin/../lib/gcc/arm-none-eabi/8.2.0/../../../../arm-none-eabi/lib/thumb/gba_crt0.o
LOAD c:/devkitpro/devkitarm/bin/../lib/gcc/arm-none-eabi/8.2.0/thumb/crti.o
LOAD c:/devkitpro/devkitarm/bin/../lib/gcc/arm-none-eabi/8.2.0/thumb/crtbegin.o
LOAD splash.pcx.o
LOAD pcx_view.o
LOAD C:/devkitPro/libgba/lib\libmm.a
LOAD C:/devkitPro/libgba/lib\libgba.a
START GROUP
LOAD c:/devkitpro/devkitarm/bin/../lib/gcc/arm-none-eabi/8.2.0/thumb\libgcc.a
LOAD c:/devkitpro/devkitarm/bin/../lib/gcc/arm-none-eabi/8.2.0/../../../../arm-none-eabi/lib/thumb\libg.a
LOAD c:/devkitpro/devkitarm/bin/../lib/gcc/arm-none-eabi/8.2.0/../../../../arm-none-eabi/lib/thumb\libc.a
LOAD c:/devkitpro/devkitarm/bin/../lib/gcc/arm-none-eabi/8.2.0/../../../../arm-none-eabi/lib/thumb\libsysbase.a
END GROUP
LOAD c:/devkitpro/devkitarm/bin/../lib/gcc/arm-none-eabi/8.2.0/thumb/crtend.o
LOAD c:/devkitpro/devkitarm/bin/../lib/gcc/arm-none-eabi/8.2.0/thumb/crtn.o
OUTPUT(C:/Users/gajes/Documents/git/GBA-Red-Moon-of-April/GBA-RMA/GBA-RMA.elf elf32-littlearm)

.debug_ranges   0x0000000000000000      0x118
 .debug_ranges  0x0000000000000000       0x30 pcx_view.o
 .debug_ranges  0x0000000000000030       0x28 C:/devkitPro/libgba/lib\libgba.a(pcx.o)
 .debug_ranges  0x0000000000000058       0x70 C:/devkitPro/libgba/lib\libgba.a(interrupt.o)
 .debug_ranges  0x00000000000000c8       0x50 C:/devkitPro/libgba/lib\libgba.a(fade.o)
